// Jest Snapshot v1, https://goo.gl/fbAQLP

exports[`Counter App should match with the Snapshot 1`] = `
<div>
  <h1>
     CounterApp 
  </h1>
  <h2>
     
    0
     
  </h2>
  <button
    aria-label="btn-plus"
  >
    +1
  </button>
  <button
    aria-label="btn-minus"
  >
    -1
  </button>
  <button
    aria-label="btn-reset"
  >
    Reset
  </button>
</div>
`;
