// Jest Snapshot v1, https://goo.gl/fbAQLP

exports[`Pruebas en FirstApp should match with snapshot 1`] = `
<div>
  <h1
    data-testid="test-title"
  >
    Hi, I am a tester
  </h1>
  <p>
     
    vamos
     
  </p>
</div>
`;
